
> frontend@0.1.0 build
> react-scripts build

node.exe : (node:13036) [DEP0176] DeprecationWarning: 
fs.F_OK is deprecated, use fs.constants.F_OK instead
At line:1 char:1
+ & "C:\Program Files\nodejs/node.exe" "C:\Program 
Files\nodejs/node_mo ...
+ ~~~~~~~~~~~~~~~~~~~~~~~~~~~~~~~~~~~~~~~~~~~~~~~~~~~~~~~~~
~~~~~~~~~~~~
    + CategoryInfo          : NotSpecified: ((node:13036) 
[D.    ..ts.F_OK instead:String) [], RemoteException
    + FullyQualifiedErrorId : NativeCommandError
 
(Use `node --trace-deprecation ...` to show where the 
warning was created)
Creating an optimized production build...

Treating warnings as errors because process.env.CI = true.
Most CI servers set it automatically.

Failed to compile.

[eslint] 
src\pages\Checkout.jsx
  Line 6:82:   'FiHome' is defined but never used         no-unused-vars
  Line 6:100:  'FiCheckCircle' is defined but never used  no-unused-vars

src\pages\Login.jsx
  Line 506:17:  The href attribute requires a valid value to be accessible. Provide a valid, navigable address as the href value. If you cannot provide a valid href, but still need the element to resemble a link, use a button and change it with appropriate styles. Learn more: https://github.com/jsx-eslint/eslint-plugin-jsx-a11y/blob/HEAD/docs/rules/anchor-is-valid.md  jsx-a11y/anchor-is-valid

src\pages\admin\AddProperty.jsx
  Line 674:10:  'loadingCategories' is assigned a value but never used  no-unused-vars
  Line 677:9:   'locationInputRef' is assigned a value but never used   no-unused-vars

src\pages\admin\AddPropertyType.jsx
  Line 673:9:  The href attribute is required for an anchor to be keyboard accessible. Provide a valid, navigable address as the href value. If you cannot provide an href, but still need the element to resemble a link, use a button and change it with appropriate styles. Learn more: https://github.com/jsx-eslint/eslint-plugin-jsx-a11y/blob/HEAD/docs/rules/anchor-is-valid.md  jsx-a11y/anchor-is-valid
  Line 677:9:  The href attribute is required for an anchor to be keyboard accessible. Provide a valid, navigable address as the href value. If you cannot provide an href, but still need the element to resemble a link, use a button and change it with appropriate styles. Learn more: https://github.com/jsx-eslint/eslint-plugin-jsx-a11y/blob/HEAD/docs/rules/anchor-is-valid.md  jsx-a11y/anchor-is-valid

src\pages\admin\EditProperty.jsx
  Line 90:10:  'loadingCategories' is assigned a value but never used  no-unused-vars
  Line 93:9:   'locationInputRef' is assigned a value but never used   no-unused-vars

src\pages\admin\Messages.jsx
  Line 3:27:  'FiCheckCircle' is defined but never used  no-unused-vars
  Line 3:57:  'FiEdit2' is defined but never used        no-unused-vars

src\pages\admin\PropertiesList.jsx
  Line 5:48:  'FiKey' is defined but never used      no-unused-vars
  Line 5:55:  'FiDroplet' is defined but never used  no-unused-vars

src\pages\admin\PropertyTypes.jsx
  Line 1:38:   'useContext' is defined but never used                                                                              no-unused-vars
  Line 5:8:    'axios' is defined but never used                                                                                   no-unused-vars
  Line 6:23:   'Link' is defined but never used                                                                                    no-unused-vars
  Line 24:10:  'showAddModal' is assigned a value but never used                                                                   no-unused-vars
  Line 39:6:   React Hook useEffect has a missing dependency: 'fetchCategories'. Either include it or remove the dependency array  react-hooks/exhaustive-deps
  Line 59:9:   'createCategory' is assigned a value but never used                                                                 no-unused-vars
  Line 128:9:  'handleDrop' is assigned a value but never used                                                                     no-unused-vars
  Line 142:9:  'handleDragOver' is assigned a value but never used                                                                 no-unused-vars
  Line 146:9:  'handleCategoryClick' is assigned a value but never used                                                            no-unused-vars


